// Jest Snapshot v1, https://goo.gl/fbAQLP

exports[`Button should render correctly 1`] = `
<DocumentFragment>
  <button
    class=""
    type="button"
  >
    Test
  </button>
</DocumentFragment>
`;
