// Jest Snapshot v1, https://goo.gl/fbAQLP

exports[`Calculator should render correctly 1`] = `
<DocumentFragment>
  <div
    class="calculator-page"
  >
    <div>
      <h2>
        Let's do some math!
      </h2>
    </div>
    <div
      class="calculator"
    >
      <div
        class="display"
      >
        <input
          readonly=""
          type="text"
          value="0"
        />
      </div>
      <div
        class="buttons"
      >
        <div
          class="row"
        >
          <button
            class=""
            type="button"
          >
            AC
          </button>
          <button
            class=""
            type="button"
          >
            +/-
          </button>
          <button
            class=""
            type="button"
          >
            %
          </button>
          <button
            class="operation"
            type="button"
          >
            รท
          </button>
        </div>
        <div
          class="row"
        >
          <button
            class="number"
            type="button"
          >
            7
          </button>
          <button
            class="number"
            type="button"
          >
            8
          </button>
          <button
            class="number"
            type="button"
          >
            9
          </button>
          <button
            class="operation"
            type="button"
          >
            ร
          </button>
        </div>
        <div
          class="row"
        >
          <button
            class=""
            type="button"
          >
            4
          </button>
          <button
            class=""
            type="button"
          >
            5
          </button>
          <button
            class=""
            type="button"
          >
            6
          </button>
          <button
            class="operation"
            type="button"
          >
            -
          </button>
        </div>
        <div
          class="row"
        >
          <button
            class="number"
            type="button"
          >
            1
          </button>
          <button
            class="number"
            type="button"
          >
            2
          </button>
          <button
            class="number"
            type="button"
          >
            3
          </button>
          <button
            class="operation"
            type="button"
          >
            +
          </button>
        </div>
        <div
          class="row"
        >
          <button
            class="number zero"
            type="button"
          >
            0
          </button>
          <button
            class=""
            type="button"
          >
            .
          </button>
          <button
            class="operation"
            type="button"
          >
            =
          </button>
        </div>
      </div>
    </div>
  </div>
</DocumentFragment>
`;
